00000            arith  START   0    
00000  032036    start  LDA     x    
00003  1B2036           ADD     y    
00006  0F2036           STA     sum    
                  . diff
00009  03202D           LDA     x    
0000C  1F202D           SUB     y    
0000F  0F2030           STA     diff    
                  . prod
00012  032024           LDA     x    
00015  232024           MUL     y    
00018  0F202A           STA     prod    
                  . quot
0001B  03201B           LDA     x    
0001E  27201B           DIV     y    
00021  0F2024           STA     quot    
                  . mod
00024  032021           LDA     quot    
00027  232012           MUL     y    
0002A  0F2021           STA     temp    
0002D  032009           LDA     x    
00030  1F201B           SUB     temp    
00033  0F2015           STA     mod    
00036  3F2FFD    halt   J       halt    
                  . podatki
00039  000009    x      WORD    9    
0003C  000002    y      WORD    2    
0003F  000000    sum    WORD    0    
00042  000000    diff   WORD    0    
00045  000000    prod   WORD    0    
00048  000000    quot   WORD    0    
0004B  000000    mod    WORD    0    
0004E  000000    temp   WORD    0    
00051                   END     start    
